// Jest Snapshot v1, https://goo.gl/fbAQLP

exports[`<FormContainer /> Rendering should match snapshot 1`] = `
.c0 {
  width: 100%;
  height: 100%;
  display: -webkit-box;
  display: -webkit-flex;
  display: -ms-flexbox;
  display: flex;
  -webkit-align-items: center;
  -webkit-box-align: center;
  -ms-flex-align: center;
  align-items: center;
  -webkit-box-pack: center;
  -webkit-justify-content: center;
  -ms-flex-pack: center;
  justify-content: center;
}

.c1 {
  width: 450px;
  margin-top: 3em;
}

@media (max-width:768px) {
  .c1 {
    width: 100%;
    min-width: 0;
    max-width: 100%;
  }
}

<div
  class="c0"
>
  <form
    class="c1"
  >
    <input
      placeholder="example"
      type="text"
    />
  </form>
</div>
`;
