// Jest Snapshot v1, https://goo.gl/fbAQLP

exports[`<Heading /> should match snapshot 1`] = `
.c0 {
  text-transform: none;
  font-weight: bold;
  font-size: 2.9em;
  line-height: 110%;
}

@media (max-width:768px) {
  .c0 {
    font-size: 1.7em;
    line-height: 120%;
  }
}

<h1
  class="c0"
>
  example
</h1>
`;
