// Jest Snapshot v1, https://goo.gl/fbAQLP

exports[`<TextComponent /> Rendering should match snapshot 1`] = `
.c0 {
  font-size: 1em;
  line-height: 150%;
}

<p
  class="c0"
>
  example
</p>
`;
