// Jest Snapshot v1, https://goo.gl/fbAQLP

exports[`<SearchBox /> Rendering should match snapshot 1`] = `
.c7 {
  padding: 0.5em 1.8em;
  font-size: 1em;
  border: none;
  font-weight: bold;
  cursor: pointer;
  background: #000;
  color: #fff;
  border: 2px solid #000;
  border-radius: 4px;
  -webkit-transition: all 300ms ease-in-out;
  transition: all 300ms ease-in-out;
}

.c7:hover {
  background: transparent;
  color: #000;
  border: 2px solid #000;
  -webkit-transition: all 300ms ease-in-out;
  transition: all 300ms ease-in-out;
}

.c2 {
  text-transform: none;
  font-weight: bold;
  font-size: 2em;
  line-height: 110%;
}

.c4 {
  padding: 7px 0;
  outline: none;
  border: none;
  border-bottom: 1px solid #ccc;
  background-color: transparent;
  font-size: 1em;
  -webkit-transition: all 500ms ease-in-out;
  transition: all 500ms ease-in-out;
}

.c4:focus {
  border-bottom: 1px solid #000;
  -webkit-transition: all 300ms ease-in-out;
  transition: all 300ms ease-in-out;
}

.c0 {
  width: 100%;
  margin: 0 auto;
  margin-bottom: 2em;
}

.c0 .c1 {
  margin-bottom: 0.5em;
}

.c3 {
  display: -webkit-box;
  display: -webkit-flex;
  display: -ms-flexbox;
  display: flex;
  -webkit-box-pack: justify;
  -webkit-justify-content: space-between;
  -ms-flex-pack: justify;
  justify-content: space-between;
  width: 90%;
  margin: 0 auto;
}

.c3 .c6 {
  width: 20%;
  padding: 7px;
  border-radius: 2px;
}

.c5 {
  width: 78%;
}

@media (max-width:768px) {
  .c3 .c6 {
    width: 35%;
  }
}

@media (max-width:768px) {
  .c3 {
    width: 100%;
  }
}

@media (max-width:768px) {
  .c5 {
    width: 60%;
  }
}

<div
  class="c0"
>
  <h3
    class="c1 c2"
  >
    Veja os nossos posts mais recentes
  </h3>
  <div
    class="c3"
  >
    <input
      class="c4 c5"
      placeholder="Pesquisar por tags..."
      type="text"
    />
    <button
      class="c6 c7"
      type="button"
    >
      Pesquisar
    </button>
  </div>
</div>
`;
