// Jest Snapshot v1, https://goo.gl/fbAQLP

exports[`<Button /> Rendering should match snapshot 1`] = `
.c0 {
  padding: 0.5em 1.8em;
  font-size: 1em;
  border: none;
  font-weight: bold;
  cursor: pointer;
  background: #000;
  color: #fff;
  border: 2px solid #000;
  border-radius: 4px;
  -webkit-transition: all 300ms ease-in-out;
  transition: all 300ms ease-in-out;
}

.c0:hover {
  background: transparent;
  color: #000;
  border: 2px solid #000;
  -webkit-transition: all 300ms ease-in-out;
  transition: all 300ms ease-in-out;
}

<button
  class="c0"
  type="button"
>
  example
</button>
`;
