// Jest Snapshot v1, https://goo.gl/fbAQLP

exports[`<Home /> Rendering should match snapshot 1`] = `
.c0 {
  width: 600px;
  margin: 3em auto 0;
}

.c3 {
  text-transform: none;
  font-weight: bold;
  font-size: 2em;
  line-height: 110%;
}

.c8 {
  padding: 0.5em 1.8em;
  font-size: 1em;
  border: none;
  font-weight: bold;
  cursor: pointer;
  background: #000;
  color: #fff;
  border: 2px solid #000;
  border-radius: 4px;
  -webkit-transition: all 300ms ease-in-out;
  transition: all 300ms ease-in-out;
}

.c8:hover {
  background: transparent;
  color: #000;
  border: 2px solid #000;
  -webkit-transition: all 300ms ease-in-out;
  transition: all 300ms ease-in-out;
}

.c16 {
  padding: 0.5em 1.8em;
  font-size: 1em;
  border: none;
  font-weight: bold;
  cursor: pointer;
  background: transparent;
  color: #000;
  border: 2px solid #000;
  border-radius: 4px;
  -webkit-transition: all 300ms ease-in-out;
  transition: all 300ms ease-in-out;
}

.c16:hover {
  background: #000;
  color: #fff;
  border: 2px solid #000;
  -webkit-transition: all 300ms ease-in-out;
  transition: all 300ms ease-in-out;
}

.c5 {
  padding: 7px 0;
  outline: none;
  border: none;
  border-bottom: 1px solid #ccc;
  background-color: transparent;
  font-size: 1em;
  -webkit-transition: all 500ms ease-in-out;
  transition: all 500ms ease-in-out;
}

.c5:focus {
  border-bottom: 1px solid #000;
  -webkit-transition: all 300ms ease-in-out;
  transition: all 300ms ease-in-out;
}

.c1 {
  width: 100%;
  margin: 0 auto;
  margin-bottom: 2em;
}

.c1 .c2 {
  margin-bottom: 0.5em;
}

.c4 {
  display: -webkit-box;
  display: -webkit-flex;
  display: -ms-flexbox;
  display: flex;
  -webkit-box-pack: justify;
  -webkit-justify-content: space-between;
  -ms-flex-pack: justify;
  justify-content: space-between;
  width: 90%;
  margin: 0 auto;
}

.c4 .c7 {
  width: 20%;
  padding: 7px;
  border-radius: 2px;
}

.c6 {
  width: 78%;
}

.c9 {
  display: -webkit-box;
  display: -webkit-flex;
  display: -ms-flexbox;
  display: flex;
  -webkit-flex-direction: column;
  -ms-flex-direction: column;
  flex-direction: column;
  -webkit-align-items: center;
  -webkit-box-align: center;
  -ms-flex-align: center;
  align-items: center;
  -webkit-box-pack: justify;
  -webkit-justify-content: space-between;
  -ms-flex-pack: justify;
  justify-content: space-between;
  width: 100%;
}

.c17 {
  display: -webkit-box;
  display: -webkit-flex;
  display: -ms-flexbox;
  display: flex;
  -webkit-align-items: center;
  -webkit-box-align: center;
  -ms-flex-align: center;
  align-items: center;
  width: 100%;
  -webkit-box-pack: start;
  -webkit-justify-content: flex-start;
  -ms-flex-pack: start;
  justify-content: flex-start;
  margin-top: 1em;
}

.c18 {
  padding: 7px;
  height: 40px;
  width: 40px;
  border-radius: 4px;
  text-align: center;
  display: -webkit-box;
  display: -webkit-flex;
  display: -ms-flexbox;
  display: flex;
  -webkit-align-items: center;
  -webkit-box-align: center;
  -ms-flex-align: center;
  align-items: center;
  -webkit-box-pack: center;
  -webkit-justify-content: center;
  -ms-flex-pack: center;
  justify-content: center;
  font-size: 1.2em;
  -webkit-transition: all 300ms ease-in-out;
  transition: all 300ms ease-in-out;
  cursor: pointer;
  margin-right: 0.3em;
  background: transparent;
  color: #000;
  border: 1px solid #000;
  -webkit-transition: all 300ms ease-in-out;
  transition: all 300ms ease-in-out;
}

.c18.active {
  background: #000;
  color: #fff;
  cursor: default;
  pointer-events: none;
}

.c18:hover {
  background: #000;
  color: #fff;
  -webkit-transition: all 300ms ease-in-out;
  transition: all 300ms ease-in-out;
}

.c19 {
  background: #000;
  padding: 7px;
  height: 40px;
  width: 40px;
  -webkit-transition: all 300ms ease-in-out;
  transition: all 300ms ease-in-out;
  background: transparent;
  color: #000;
  border: 1px solid #000;
  border-radius: 4px;
  text-align: center;
  display: -webkit-box;
  display: -webkit-flex;
  display: -ms-flexbox;
  display: flex;
  -webkit-align-items: center;
  -webkit-box-align: center;
  -ms-flex-align: center;
  align-items: center;
  -webkit-transition: all 300ms ease-in-out;
  transition: all 300ms ease-in-out;
  -webkit-box-pack: center;
  -webkit-justify-content: center;
  -ms-flex-pack: center;
  justify-content: center;
  font-size: 30px;
  cursor: pointer;
  -webkit-transition: all 300ms ease-in-out;
  transition: all 300ms ease-in-out;
}

.c19:hover {
  background: #000;
  color: #fff;
  -webkit-transition: all 300ms ease-in-out;
  transition: all 300ms ease-in-out;
}

.c19:first-child {
  margin-right: 0.3em;
}

.c13 {
  font-size: 1em;
  line-height: 150%;
}

.c10 {
  width: 100%;
  margin: 0 auto 3em;
  max-width: 600px;
}

.c10 .c12 {
  color: #444;
  font-size: 0.8em;
  line-height: 150%;
  font-style: italic;
}

.c11 {
  display: -webkit-box;
  display: -webkit-flex;
  display: -ms-flexbox;
  display: flex;
  width: 100%;
  margin-bottom: 1em;
  border-radius: 4px;
}

.c14 {
  display: -webkit-box;
  display: -webkit-flex;
  display: -ms-flexbox;
  display: flex;
  -webkit-box-pack: start;
  -webkit-justify-content: flex-start;
  -ms-flex-pack: start;
  justify-content: flex-start;
  -webkit-align-items: center;
  -webkit-box-align: center;
  -ms-flex-align: center;
  align-items: center;
  margin: 0.8em 0;
  -webkit-flex-wrap: wrap;
  -ms-flex-wrap: wrap;
  flex-wrap: wrap;
}

.c15 {
  display: block;
  margin-right: 0.5em;
  font-weight: 500;
}

.c15::before {
  content: "#";
  font-weight: bold;
}

@media (max-width:768px) {
  .c0 {
    max-width: 100%;
  }
}

@media (max-width:768px) {
  .c4 .c7 {
    width: 35%;
  }
}

@media (max-width:768px) {
  .c4 {
    width: 100%;
  }
}

@media (max-width:768px) {
  .c6 {
    width: 60%;
  }
}

@media (max-width:768px) {
  .c10 .c2 {
    font-size: 1.7em;
    line-height: 120%;
  }
}

<div>
  <div
    class="c0"
  >
    <div
      class="c1"
    >
      <h3
        class="c2 c3"
      >
        Veja os nossos posts mais recentes
      </h3>
      <div
        class="c4"
      >
        <input
          class="c5 c6"
          placeholder="Pesquisar por tags..."
          type="text"
        />
        <button
          class="c7 c8"
          type="button"
        >
          Pesquisar
        </button>
      </div>
    </div>
    <div
      class="c9"
    >
      <div
        class="c10"
      >
        <img
          alt="post title 1"
          class="c11"
          src="example.png"
        />
        <h3
          class="c2 c3"
        >
          post title 1
        </h3>
        <p
          class="c12 c13"
        >
          Por: 
          john doe
           - 
          5 de Abril 2023
        </p>
        <div
          class="c14"
        >
          <span
            class="c15"
          >
            tag1
          </span>
          <span
            class="c15"
          >
            tag2
          </span>
        </div>
        <button
          class="c7 c16"
          type="button"
        >
          Ler
        </button>
      </div>
      <div
        class="c10"
      >
        <img
          alt="post title 2"
          class="c11"
          src="example.png"
        />
        <h3
          class="c2 c3"
        >
          post title 2
        </h3>
        <p
          class="c12 c13"
        >
          Por: 
          john doe
           - 
          5 de Abril 2023
        </p>
        <div
          class="c14"
        >
          <span
            class="c15"
          >
            tag1
          </span>
          <span
            class="c15"
          >
            tag3
          </span>
        </div>
        <button
          class="c7 c16"
          type="button"
        >
          Ler
        </button>
      </div>
      <div
        class="c10"
      >
        <img
          alt="post title 3"
          class="c11"
          src="example.png"
        />
        <h3
          class="c2 c3"
        >
          post title 3
        </h3>
        <p
          class="c12 c13"
        >
          Por: 
          john doe
           - 
          5 de Abril 2023
        </p>
        <div
          class="c14"
        >
          <span
            class="c15"
          >
            tag7
          </span>
          <span
            class="c15"
          >
            tag5
          </span>
        </div>
        <button
          class="c7 c16"
          type="button"
        >
          Ler
        </button>
      </div>
      <div
        class="c10"
      >
        <img
          alt="post title 4"
          class="c11"
          src="example.png"
        />
        <h3
          class="c2 c3"
        >
          post title 4
        </h3>
        <p
          class="c12 c13"
        >
          Por: 
          Jane doe
           - 
          5 de Abril 2023
        </p>
        <div
          class="c14"
        >
          <span
            class="c15"
          >
            tag1
          </span>
          <span
            class="c15"
          >
            tag3
          </span>
        </div>
        <button
          class="c7 c16"
          type="button"
        >
          Ler
        </button>
      </div>
      <div
        class="c10"
      >
        <img
          alt="post title 5"
          class="c11"
          src="example.png"
        />
        <h3
          class="c2 c3"
        >
          post title 5
        </h3>
        <p
          class="c12 c13"
        >
          Por: 
          Jane doe
           - 
          5 de Abril 2023
        </p>
        <div
          class="c14"
        >
          <span
            class="c15"
          >
            tag2
          </span>
          <span
            class="c15"
          >
            tag4
          </span>
        </div>
        <button
          class="c7 c16"
          type="button"
        >
          Ler
        </button>
      </div>
    </div>
    <div
      class="c17"
    >
      <div
        aria-label="Pagination Button"
        class="c18 active"
      >
        1
      </div>
      <div
        aria-label="Pagination Button"
        class="c18"
      >
        2
      </div>
      <div
        aria-label="Next Page"
        class="c19"
      >
        <svg
          fill="currentColor"
          height="1em"
          stroke="currentColor"
          stroke-width="0"
          viewBox="0 0 24 24"
          width="1em"
          xmlns="http://www.w3.org/2000/svg"
        >
          <path
            d="M0 0h24v24H0z"
            fill="none"
          />
          <path
            d="M10 6L8.59 7.41 13.17 12l-4.58 4.59L10 18l6-6z"
          />
        </svg>
      </div>
    </div>
  </div>
</div>
`;
