// Jest Snapshot v1, https://goo.gl/fbAQLP

exports[`<NavLink /> Rendering should match snapshot 1`] = `
.c0 {
  font-size: 1em;
  padding: 0.4em 0.5em;
  color: #000;
  font-weight: 500;
  -webkit-transition: all 300ms ease-in-out;
  transition: all 300ms ease-in-out;
  text-transform: capitalize;
}

.c0:hover {
  opacity: 0.8;
  -webkit-transition: all 300ms ease-in-out;
  transition: all 300ms ease-in-out;
}

.c0.active {
  background-color: #000;
  color: #fff;
  border-radius: 3px;
  cursor: default;
}

.c0.active:hover {
  opacity: 1;
}

@media (max-width:768px) {
  .c0.active {
    cursor: auto;
  }
}

@media (max-width:768px) {
  .c0 {
    color: #fff;
    font-size: 1.2em;
  }
}

<a
  class="c0"
  href="/test"
>
  example
</a>
`;
