// Jest Snapshot v1, https://goo.gl/fbAQLP

exports[`<Footer /> Rendering should match snapshot 1`] = `
.c0 {
  height: 250px;
  width: 100%;
  display: -webkit-box;
  display: -webkit-flex;
  display: -ms-flexbox;
  display: flex;
  -webkit-align-items: center;
  -webkit-box-align: center;
  -ms-flex-align: center;
  align-items: center;
  -webkit-box-pack: center;
  -webkit-justify-content: center;
  -ms-flex-pack: center;
  justify-content: center;
  -webkit-flex-direction: column;
  -ms-flex-direction: column;
  flex-direction: column;
  background-color: #edf3f6;
  text-align: center;
}

.c2 {
  display: block;
  margin-top: 0.8em;
}

@media (max-width:768px) {
  .c1 {
    font-size: 1.2em;
    line-height: 120%;
  }
}

<footer
  class="c0"
>
  <h3
    class="c1"
  >
    Escreva sobre o que você tem interesse!
  </h3>
  <span
    class="c2"
  >
    DevBlog - Gustavo Matos © 
    2023
  </span>
</footer>
`;
