// Jest Snapshot v1, https://goo.gl/fbAQLP

exports[`<Container /> Rendering should match snapshot 1`] = `
.c0 {
  min-height: 60vh;
  margin-bottom: 5em;
  padding: 0 2em;
}

<div
  class="c0"
>
  <h1>
    example
  </h1>
</div>
`;
