// Jest Snapshot v1, https://goo.gl/fbAQLP

exports[`<ScrollToTop /> Snapshot should match snapshot 1`] = `
.c0 {
  position: fixed;
  width: 50px;
  height: 50px;
  background: #000;
  bottom: 30px;
  right: 30px;
  text-align: center;
  cursor: pointer;
  line-height: 50px;
  color: #fff;
  font-size: 1.4em;
  border-radius: 7px;
  -webkit-transition: all 500ms ease-in-out;
  transition: all 500ms ease-in-out;
  border: 2px solid transparent;
  visibility: hidden;
  opacity: 0;
  pointer-events: none;
  -webkit-transition: 0.5s;
  transition: 0.5s;
  z-index: 999;
}

.c0:hover {
  -webkit-transform: scale(1.05);
  -ms-transform: scale(1.05);
  transform: scale(1.05);
  -webkit-transition: all 0.5s;
  transition: all 0.5s;
  background: transparent;
  color: #000;
  border: 2px solid #000;
  -webkit-transition: all 500ms ease-in-out;
  transition: all 500ms ease-in-out;
}

@media (max-width:768px) {
  .c0 {
    visibility: hidden;
    opacity: 0;
    display: none;
    pointer-events: none;
  }
}

<div
  style="height: 1000px;"
>
  <div
    class="c0"
  >
    <svg
      aria-label="Scroll to top Icon"
      class=""
      fill="currentColor"
      height="1em"
      stroke="currentColor"
      stroke-width="0"
      viewBox="0 0 448 512"
      width="1em"
      xmlns="http://www.w3.org/2000/svg"
    >
      <path
        d="M240.971 130.524l194.343 194.343c9.373 9.373 9.373 24.569 0 33.941l-22.667 22.667c-9.357 9.357-24.522 9.375-33.901.04L224 227.495 69.255 381.516c-9.379 9.335-24.544 9.317-33.901-.04l-22.667-22.667c-9.373-9.373-9.373-24.569 0-33.941L207.03 130.525c9.372-9.373 24.568-9.373 33.941-.001z"
      />
    </svg>
  </div>
</div>
`;
