// Jest Snapshot v1, https://goo.gl/fbAQLP

exports[`<Post /> Snapshot should match snapshot 1`] = `
.c5 {
  font-size: 1em;
  line-height: 150%;
}

.c3 {
  text-transform: none;
  font-weight: bold;
  font-size: 2em;
  line-height: 110%;
}

.c0 {
  width: 100%;
  margin: 0 auto 3em;
  max-width: 600px;
}

.c0 .c4 {
  color: #444;
  font-size: 0.8em;
  line-height: 150%;
  font-style: italic;
}

.c1 {
  display: -webkit-box;
  display: -webkit-flex;
  display: -ms-flexbox;
  display: flex;
  width: 100%;
  margin-bottom: 1em;
  border-radius: 4px;
}

.c6 {
  display: -webkit-box;
  display: -webkit-flex;
  display: -ms-flexbox;
  display: flex;
  -webkit-box-pack: start;
  -webkit-justify-content: flex-start;
  -ms-flex-pack: start;
  justify-content: flex-start;
  -webkit-align-items: center;
  -webkit-box-align: center;
  -ms-flex-align: center;
  align-items: center;
  margin: 0.8em 0;
  -webkit-flex-wrap: wrap;
  -ms-flex-wrap: wrap;
  flex-wrap: wrap;
}

.c7 {
  display: block;
  margin-right: 0.5em;
  font-weight: 500;
}

.c7::before {
  content: "#";
  font-weight: bold;
}

.c8 {
  padding: 0.5em 1.8em;
  font-size: 1em;
  border: none;
  font-weight: bold;
  cursor: pointer;
  background: transparent;
  color: #000;
  border: 2px solid #000;
  border-radius: 4px;
  -webkit-transition: all 300ms ease-in-out;
  transition: all 300ms ease-in-out;
}

.c8:hover {
  background: #000;
  color: #fff;
  border: 2px solid #000;
  -webkit-transition: all 300ms ease-in-out;
  transition: all 300ms ease-in-out;
}

@media (max-width:768px) {
  .c0 .c2 {
    font-size: 1.7em;
    line-height: 120%;
  }
}

<div
  class="c0"
>
  <img
    alt="heading example"
    class="c1"
    src="image.png"
  />
  <h3
    class="c2 c3"
  >
    heading example
  </h3>
  <p
    class="c4 c5"
  >
    Por: 
    author example
     - 
    5 de Abril 2023
  </p>
  <div
    class="c6"
  >
    <span
      class="c7"
    >
      test1
    </span>
    <span
      class="c7"
    >
      test2
    </span>
  </div>
  <button
    class="c8"
    type="button"
  >
    Ler
  </button>
</div>
`;
