// Jest Snapshot v1, https://goo.gl/fbAQLP

exports[`<UserComment /> Rendering should match snapshot 1`] = `
.c8 {
  font-size: 1em;
  line-height: 150%;
}

.c3 {
  width: 150px;
  height: 150px;
  object-fit: cover;
  display: block;
  margin: 1em auto;
  border-radius: 7px;
}

.c0 {
  width: 100%;
  display: -webkit-box;
  display: -webkit-flex;
  display: -ms-flexbox;
  display: flex;
  -webkit-box-pack: justify;
  -webkit-justify-content: space-between;
  -ms-flex-pack: justify;
  justify-content: space-between;
  -webkit-align-items: flex-start;
  -webkit-box-align: flex-start;
  -ms-flex-align: flex-start;
  align-items: flex-start;
  margin: 2em 0;
  padding: 0 7px;
  position: relative;
}

.c1 {
  min-width: 7%;
  width: 7%;
  height: 100%;
  margin: 0 1em 0 0;
}

.c1 .c2 {
  width: 100%;
  height: 100%;
  margin: 0;
}

.c4 {
  width: 93%;
  border-bottom: 1px solid #ccc;
  padding-bottom: 1em;
}

.c4 > .c7 {
  margin-top: 1.2em;
  display: block;
  width: 100%;
  word-wrap: break-word;
}

.c5 {
  text-transform: none;
  font-weight: bold;
  font-size: 1.2em;
  line-height: 120%;
}

.c6 {
  text-transform: none;
  font-weight: 500;
  font-size: 0.8em;
  line-height: 150%;
}

@media (max-width:768px) {
  .c1 {
    width: 10%;
    min-width: 10%;
  }
}

@media (max-width:768px) {
  .c4 {
    width: 90%;
  }
}

<div
  class="c0"
>
  <div
    class="c1"
  >
    <div
      class=""
    >
      <img
        alt="User Image"
        class="c2 c3"
        src="https://example.com/user.jpg"
      />
    </div>
  </div>
  <div
    class="c4"
  >
    <h6
      class="c5"
    >
      John Doe
    </h6>
    <h1
      class="c6"
    >
      2023-04-29
    </h1>
    <p
      class="c7 c8"
    >
      Lorem ipsum dolor sit amet
    </p>
  </div>
</div>
`;
